2025-12-11 17:29:05,546 - INFO - Starting training...
2025-12-11 17:29:07,410 - INFO - Using device: cuda
2025-12-11 17:29:09,798 - INFO - Epoch 1/100, Loss: 2.1603, LR: 0.001000
2025-12-11 17:29:10,454 - INFO - Epoch 2/100, Loss: 1.8942, LR: 0.001000
2025-12-11 17:29:11,105 - INFO - Epoch 3/100, Loss: 1.6784, LR: 0.001000
2025-12-11 17:29:11,762 - INFO - Epoch 4/100, Loss: 1.4278, LR: 0.001000
2025-12-11 17:29:12,438 - INFO - Epoch 5/100, Loss: 1.2766, LR: 0.001000
2025-12-11 17:29:13,090 - INFO - Epoch 6/100, Loss: 1.1750, LR: 0.001000
2025-12-11 17:29:13,746 - INFO - Epoch 7/100, Loss: 1.1251, LR: 0.001000
2025-12-11 17:29:14,401 - INFO - Epoch 8/100, Loss: 1.0432, LR: 0.001000
2025-12-11 17:29:15,094 - INFO - Epoch 9/100, Loss: 0.9984, LR: 0.001000
2025-12-11 17:29:15,796 - INFO - Epoch 10/100, Loss: 0.9620, LR: 0.001000
2025-12-11 17:29:16,451 - INFO - Epoch 11/100, Loss: 0.9296, LR: 0.001000
2025-12-11 17:29:17,131 - INFO - Epoch 12/100, Loss: 0.8932, LR: 0.001000
2025-12-11 17:29:17,824 - INFO - Epoch 13/100, Loss: 0.8829, LR: 0.001000
2025-12-11 17:29:18,510 - INFO - Epoch 14/100, Loss: 0.8342, LR: 0.001000
2025-12-11 17:29:19,190 - INFO - Epoch 15/100, Loss: 0.7887, LR: 0.001000
2025-12-11 17:29:19,870 - INFO - Epoch 16/100, Loss: 0.8041, LR: 0.001000
2025-12-11 17:29:20,528 - INFO - Epoch 17/100, Loss: 0.7736, LR: 0.001000
2025-12-11 17:29:21,217 - INFO - Epoch 18/100, Loss: 0.7867, LR: 0.001000
2025-12-11 17:29:21,888 - INFO - Epoch 19/100, Loss: 0.7435, LR: 0.001000
2025-12-11 17:29:22,581 - INFO - Epoch 20/100, Loss: 0.7148, LR: 0.001000
2025-12-11 17:29:23,292 - INFO - Epoch 21/100, Loss: 0.7166, LR: 0.001000
2025-12-11 17:29:23,952 - INFO - Epoch 22/100, Loss: 0.6800, LR: 0.001000
2025-12-11 17:29:24,602 - INFO - Epoch 23/100, Loss: 0.6631, LR: 0.001000
2025-12-11 17:29:25,270 - INFO - Epoch 24/100, Loss: 0.6605, LR: 0.001000
2025-12-11 17:29:25,927 - INFO - Epoch 25/100, Loss: 0.6549, LR: 0.001000
2025-12-11 17:29:26,584 - INFO - Epoch 26/100, Loss: 0.6207, LR: 0.001000
2025-12-11 17:29:27,245 - INFO - Epoch 27/100, Loss: 0.5845, LR: 0.001000
2025-12-11 17:29:27,925 - INFO - Epoch 28/100, Loss: 0.5929, LR: 0.001000
2025-12-11 17:29:28,595 - INFO - Epoch 29/100, Loss: 0.5651, LR: 0.001000
2025-12-11 17:29:29,253 - INFO - Epoch 30/100, Loss: 0.5618, LR: 0.000500
2025-12-11 17:29:29,944 - INFO - Epoch 31/100, Loss: 0.4839, LR: 0.000500
2025-12-11 17:29:30,668 - INFO - Epoch 32/100, Loss: 0.4674, LR: 0.000500
2025-12-11 17:29:31,370 - INFO - Epoch 33/100, Loss: 0.4715, LR: 0.000500
2025-12-11 17:29:32,024 - INFO - Epoch 34/100, Loss: 0.4552, LR: 0.000500
2025-12-11 17:29:32,706 - INFO - Epoch 35/100, Loss: 0.4516, LR: 0.000500
2025-12-11 17:29:33,377 - INFO - Epoch 36/100, Loss: 0.4479, LR: 0.000500
2025-12-11 17:29:34,060 - INFO - Epoch 37/100, Loss: 0.4304, LR: 0.000500
2025-12-11 17:29:34,711 - INFO - Epoch 38/100, Loss: 0.4216, LR: 0.000500
2025-12-11 17:29:35,365 - INFO - Epoch 39/100, Loss: 0.4237, LR: 0.000500
2025-12-11 17:29:36,015 - INFO - Epoch 40/100, Loss: 0.4185, LR: 0.000500
2025-12-11 17:29:36,664 - INFO - Epoch 41/100, Loss: 0.4148, LR: 0.000500
2025-12-11 17:29:37,314 - INFO - Epoch 42/100, Loss: 0.3975, LR: 0.000500
2025-12-11 17:29:37,965 - INFO - Epoch 43/100, Loss: 0.3932, LR: 0.000500
2025-12-11 17:29:38,644 - INFO - Epoch 44/100, Loss: 0.3925, LR: 0.000500
2025-12-11 17:29:39,319 - INFO - Epoch 45/100, Loss: 0.3710, LR: 0.000500
2025-12-11 17:29:39,974 - INFO - Epoch 46/100, Loss: 0.3738, LR: 0.000500
2025-12-11 17:29:40,627 - INFO - Epoch 47/100, Loss: 0.3726, LR: 0.000500
2025-12-11 17:29:41,296 - INFO - Epoch 48/100, Loss: 0.3680, LR: 0.000500
2025-12-11 17:29:41,971 - INFO - Epoch 49/100, Loss: 0.3576, LR: 0.000500
2025-12-11 17:29:42,622 - INFO - Epoch 50/100, Loss: 0.3541, LR: 0.000500
2025-12-11 17:29:43,274 - INFO - Epoch 51/100, Loss: 0.3406, LR: 0.000500
2025-12-11 17:29:43,960 - INFO - Epoch 52/100, Loss: 0.3474, LR: 0.000500
2025-12-11 17:29:44,617 - INFO - Epoch 53/100, Loss: 0.3434, LR: 0.000500
2025-12-11 17:29:45,271 - INFO - Epoch 54/100, Loss: 0.3523, LR: 0.000500
2025-12-11 17:29:45,925 - INFO - Epoch 55/100, Loss: 0.3236, LR: 0.000500
2025-12-11 17:29:46,579 - INFO - Epoch 56/100, Loss: 0.3256, LR: 0.000500
2025-12-11 17:29:47,235 - INFO - Epoch 57/100, Loss: 0.3149, LR: 0.000500
2025-12-11 17:29:47,888 - INFO - Epoch 58/100, Loss: 0.3107, LR: 0.000500
2025-12-11 17:29:48,544 - INFO - Epoch 59/100, Loss: 0.2956, LR: 0.000500
2025-12-11 17:29:49,219 - INFO - Epoch 60/100, Loss: 0.3057, LR: 0.000250
2025-12-11 17:29:49,870 - INFO - Epoch 61/100, Loss: 0.2586, LR: 0.000250
2025-12-11 17:29:50,525 - INFO - Epoch 62/100, Loss: 0.2395, LR: 0.000250
2025-12-11 17:29:51,198 - INFO - Epoch 63/100, Loss: 0.2440, LR: 0.000250
2025-12-11 17:29:51,850 - INFO - Epoch 64/100, Loss: 0.2311, LR: 0.000250
2025-12-11 17:29:52,506 - INFO - Epoch 65/100, Loss: 0.2259, LR: 0.000250
2025-12-11 17:29:53,170 - INFO - Epoch 66/100, Loss: 0.2270, LR: 0.000250
2025-12-11 17:29:53,853 - INFO - Epoch 67/100, Loss: 0.2261, LR: 0.000250
2025-12-11 17:29:54,623 - INFO - Epoch 68/100, Loss: 0.2202, LR: 0.000250
2025-12-11 17:29:55,356 - INFO - Epoch 69/100, Loss: 0.2219, LR: 0.000250
2025-12-11 17:29:56,057 - INFO - Epoch 70/100, Loss: 0.2125, LR: 0.000250
2025-12-11 17:29:56,714 - INFO - Epoch 71/100, Loss: 0.2131, LR: 0.000250
2025-12-11 17:29:57,388 - INFO - Epoch 72/100, Loss: 0.2099, LR: 0.000250
2025-12-11 17:29:58,118 - INFO - Epoch 73/100, Loss: 0.2058, LR: 0.000250
2025-12-11 17:29:58,817 - INFO - Epoch 74/100, Loss: 0.1990, LR: 0.000250
2025-12-11 17:29:59,513 - INFO - Epoch 75/100, Loss: 0.2081, LR: 0.000250
2025-12-11 17:30:00,209 - INFO - Epoch 76/100, Loss: 0.1954, LR: 0.000250
2025-12-11 17:30:00,899 - INFO - Epoch 77/100, Loss: 0.1946, LR: 0.000250
2025-12-11 17:30:01,638 - INFO - Epoch 78/100, Loss: 0.1909, LR: 0.000250
2025-12-11 17:30:02,368 - INFO - Epoch 79/100, Loss: 0.1985, LR: 0.000250
2025-12-11 17:30:03,050 - INFO - Epoch 80/100, Loss: 0.1780, LR: 0.000250
2025-12-11 17:30:03,718 - INFO - Epoch 81/100, Loss: 0.1872, LR: 0.000250
2025-12-11 17:30:04,423 - INFO - Epoch 82/100, Loss: 0.1812, LR: 0.000250
2025-12-11 17:30:05,123 - INFO - Epoch 83/100, Loss: 0.1769, LR: 0.000250
2025-12-11 17:30:05,783 - INFO - Epoch 84/100, Loss: 0.1720, LR: 0.000250
2025-12-11 17:30:06,529 - INFO - Epoch 85/100, Loss: 0.1769, LR: 0.000250
2025-12-11 17:30:07,247 - INFO - Epoch 86/100, Loss: 0.1611, LR: 0.000250
2025-12-11 17:30:07,955 - INFO - Epoch 87/100, Loss: 0.1619, LR: 0.000250
2025-12-11 17:30:08,636 - INFO - Epoch 88/100, Loss: 0.1776, LR: 0.000250
2025-12-11 17:30:09,322 - INFO - Epoch 89/100, Loss: 0.1558, LR: 0.000250
2025-12-11 17:30:09,983 - INFO - Epoch 90/100, Loss: 0.1707, LR: 0.000125
2025-12-11 17:30:10,646 - INFO - Epoch 91/100, Loss: 0.1309, LR: 0.000125
2025-12-11 17:30:11,307 - INFO - Epoch 92/100, Loss: 0.1258, LR: 0.000125
2025-12-11 17:30:12,040 - INFO - Epoch 93/100, Loss: 0.1257, LR: 0.000125
2025-12-11 17:30:12,742 - INFO - Epoch 94/100, Loss: 0.1232, LR: 0.000125
2025-12-11 17:30:13,424 - INFO - Epoch 95/100, Loss: 0.1217, LR: 0.000125
2025-12-11 17:30:14,131 - INFO - Epoch 96/100, Loss: 0.1261, LR: 0.000125
2025-12-11 17:30:14,793 - INFO - Epoch 97/100, Loss: 0.1236, LR: 0.000125
2025-12-11 17:30:15,469 - INFO - Epoch 98/100, Loss: 0.1183, LR: 0.000125
2025-12-11 17:30:16,135 - INFO - Epoch 99/100, Loss: 0.1166, LR: 0.000125
2025-12-11 17:30:16,797 - INFO - Epoch 100/100, Loss: 0.1167, LR: 0.000125
2025-12-11 17:30:16,797 - INFO - Training completed in 67.80s (1.13 minutes)
2025-12-11 17:30:16,812 - INFO - Model saved to results/net.pth
2025-12-11 17:30:16,869 - INFO - Test Accuracy: 0.8500
2025-12-11 17:30:16,869 - INFO - Precision: 0.8525
2025-12-11 17:30:16,869 - INFO - Recall: 0.8500
2025-12-11 17:30:16,869 - INFO - F1-score: 0.8501
