2025-12-11 14:19:16,894 - INFO - Starting training...
2025-12-11 14:19:18,648 - INFO - Using device: cuda
2025-12-11 14:19:20,322 - INFO - Epoch 1/150, Loss: 2.1720, LR: 0.001000
2025-12-11 14:19:20,604 - INFO - Epoch 2/150, Loss: 1.6863, LR: 0.001000
2025-12-11 14:19:20,872 - INFO - Epoch 3/150, Loss: 1.4245, LR: 0.001000
2025-12-11 14:19:21,145 - INFO - Epoch 4/150, Loss: 1.3072, LR: 0.001000
2025-12-11 14:19:21,405 - INFO - Epoch 5/150, Loss: 1.1730, LR: 0.001000
2025-12-11 14:19:21,670 - INFO - Epoch 6/150, Loss: 1.0701, LR: 0.001000
2025-12-11 14:19:21,933 - INFO - Epoch 7/150, Loss: 0.9979, LR: 0.001000
2025-12-11 14:19:22,191 - INFO - Epoch 8/150, Loss: 0.9653, LR: 0.001000
2025-12-11 14:19:22,456 - INFO - Epoch 9/150, Loss: 0.9129, LR: 0.001000
2025-12-11 14:19:22,759 - INFO - Epoch 10/150, Loss: 0.8793, LR: 0.001000
2025-12-11 14:19:23,062 - INFO - Epoch 11/150, Loss: 0.8359, LR: 0.001000
2025-12-11 14:19:23,350 - INFO - Epoch 12/150, Loss: 0.8048, LR: 0.001000
2025-12-11 14:19:23,605 - INFO - Epoch 13/150, Loss: 0.8025, LR: 0.001000
2025-12-11 14:19:23,872 - INFO - Epoch 14/150, Loss: 0.7673, LR: 0.001000
2025-12-11 14:19:24,136 - INFO - Epoch 15/150, Loss: 0.7400, LR: 0.001000
2025-12-11 14:19:24,393 - INFO - Epoch 16/150, Loss: 0.7029, LR: 0.001000
2025-12-11 14:19:24,649 - INFO - Epoch 17/150, Loss: 0.6910, LR: 0.001000
2025-12-11 14:19:24,906 - INFO - Epoch 18/150, Loss: 0.6830, LR: 0.001000
2025-12-11 14:19:25,158 - INFO - Epoch 19/150, Loss: 0.6442, LR: 0.001000
2025-12-11 14:19:25,410 - INFO - Epoch 20/150, Loss: 0.6644, LR: 0.001000
2025-12-11 14:19:25,661 - INFO - Epoch 21/150, Loss: 0.6538, LR: 0.001000
2025-12-11 14:19:25,912 - INFO - Epoch 22/150, Loss: 0.6157, LR: 0.001000
2025-12-11 14:19:26,166 - INFO - Epoch 23/150, Loss: 0.6155, LR: 0.001000
2025-12-11 14:19:26,419 - INFO - Epoch 24/150, Loss: 0.5927, LR: 0.001000
2025-12-11 14:19:26,694 - INFO - Epoch 25/150, Loss: 0.6086, LR: 0.001000
2025-12-11 14:19:26,952 - INFO - Epoch 26/150, Loss: 0.5697, LR: 0.001000
2025-12-11 14:19:27,222 - INFO - Epoch 27/150, Loss: 0.5646, LR: 0.001000
2025-12-11 14:19:27,471 - INFO - Epoch 28/150, Loss: 0.5692, LR: 0.001000
2025-12-11 14:19:27,731 - INFO - Epoch 29/150, Loss: 0.5526, LR: 0.001000
2025-12-11 14:19:27,992 - INFO - Epoch 30/150, Loss: 0.5358, LR: 0.001000
2025-12-11 14:19:28,254 - INFO - Epoch 31/150, Loss: 0.5441, LR: 0.001000
2025-12-11 14:19:28,514 - INFO - Epoch 32/150, Loss: 0.5074, LR: 0.001000
2025-12-11 14:19:28,791 - INFO - Epoch 33/150, Loss: 0.5228, LR: 0.001000
2025-12-11 14:19:29,089 - INFO - Epoch 34/150, Loss: 0.5141, LR: 0.001000
2025-12-11 14:19:29,436 - INFO - Epoch 35/150, Loss: 0.4834, LR: 0.001000
2025-12-11 14:19:29,690 - INFO - Epoch 36/150, Loss: 0.4970, LR: 0.001000
2025-12-11 14:19:29,942 - INFO - Epoch 37/150, Loss: 0.4824, LR: 0.001000
2025-12-11 14:19:30,201 - INFO - Epoch 38/150, Loss: 0.4773, LR: 0.001000
2025-12-11 14:19:30,459 - INFO - Epoch 39/150, Loss: 0.4664, LR: 0.001000
2025-12-11 14:19:30,733 - INFO - Epoch 40/150, Loss: 0.4667, LR: 0.000500
2025-12-11 14:19:30,988 - INFO - Epoch 41/150, Loss: 0.3762, LR: 0.000500
2025-12-11 14:19:31,298 - INFO - Epoch 42/150, Loss: 0.3753, LR: 0.000500
2025-12-11 14:19:31,555 - INFO - Epoch 43/150, Loss: 0.3645, LR: 0.000500
2025-12-11 14:19:31,807 - INFO - Epoch 44/150, Loss: 0.3654, LR: 0.000500
2025-12-11 14:19:32,059 - INFO - Epoch 45/150, Loss: 0.3545, LR: 0.000500
2025-12-11 14:19:32,313 - INFO - Epoch 46/150, Loss: 0.3582, LR: 0.000500
2025-12-11 14:19:32,568 - INFO - Epoch 47/150, Loss: 0.3512, LR: 0.000500
2025-12-11 14:19:32,826 - INFO - Epoch 48/150, Loss: 0.3487, LR: 0.000500
2025-12-11 14:19:33,084 - INFO - Epoch 49/150, Loss: 0.3453, LR: 0.000500
2025-12-11 14:19:33,341 - INFO - Epoch 50/150, Loss: 0.3421, LR: 0.000500
2025-12-11 14:19:33,597 - INFO - Epoch 51/150, Loss: 0.3201, LR: 0.000500
2025-12-11 14:19:33,858 - INFO - Epoch 52/150, Loss: 0.3297, LR: 0.000500
2025-12-11 14:19:34,117 - INFO - Epoch 53/150, Loss: 0.3164, LR: 0.000500
2025-12-11 14:19:34,373 - INFO - Epoch 54/150, Loss: 0.3231, LR: 0.000500
2025-12-11 14:19:34,638 - INFO - Epoch 55/150, Loss: 0.3030, LR: 0.000500
2025-12-11 14:19:34,899 - INFO - Epoch 56/150, Loss: 0.3053, LR: 0.000500
2025-12-11 14:19:35,159 - INFO - Epoch 57/150, Loss: 0.2971, LR: 0.000500
2025-12-11 14:19:35,416 - INFO - Epoch 58/150, Loss: 0.2991, LR: 0.000500
2025-12-11 14:19:35,679 - INFO - Epoch 59/150, Loss: 0.2997, LR: 0.000500
2025-12-11 14:19:35,948 - INFO - Epoch 60/150, Loss: 0.2851, LR: 0.000500
2025-12-11 14:19:36,212 - INFO - Epoch 61/150, Loss: 0.2794, LR: 0.000500
2025-12-11 14:19:36,462 - INFO - Epoch 62/150, Loss: 0.2747, LR: 0.000500
2025-12-11 14:19:36,715 - INFO - Epoch 63/150, Loss: 0.2684, LR: 0.000500
2025-12-11 14:19:36,971 - INFO - Epoch 64/150, Loss: 0.2667, LR: 0.000500
2025-12-11 14:19:37,237 - INFO - Epoch 65/150, Loss: 0.2632, LR: 0.000500
2025-12-11 14:19:37,511 - INFO - Epoch 66/150, Loss: 0.2702, LR: 0.000500
2025-12-11 14:19:37,773 - INFO - Epoch 67/150, Loss: 0.2663, LR: 0.000500
2025-12-11 14:19:38,034 - INFO - Epoch 68/150, Loss: 0.2586, LR: 0.000500
2025-12-11 14:19:38,289 - INFO - Epoch 69/150, Loss: 0.2468, LR: 0.000500
2025-12-11 14:19:38,544 - INFO - Epoch 70/150, Loss: 0.2494, LR: 0.000500
2025-12-11 14:19:38,799 - INFO - Epoch 71/150, Loss: 0.2447, LR: 0.000500
2025-12-11 14:19:39,052 - INFO - Epoch 72/150, Loss: 0.2316, LR: 0.000500
2025-12-11 14:19:39,332 - INFO - Epoch 73/150, Loss: 0.2328, LR: 0.000500
2025-12-11 14:19:39,623 - INFO - Epoch 74/150, Loss: 0.2305, LR: 0.000500
2025-12-11 14:19:39,923 - INFO - Epoch 75/150, Loss: 0.2327, LR: 0.000500
2025-12-11 14:19:40,219 - INFO - Epoch 76/150, Loss: 0.2284, LR: 0.000500
2025-12-11 14:19:40,498 - INFO - Epoch 77/150, Loss: 0.2242, LR: 0.000500
2025-12-11 14:19:40,748 - INFO - Epoch 78/150, Loss: 0.2137, LR: 0.000500
2025-12-11 14:19:41,030 - INFO - Epoch 79/150, Loss: 0.2062, LR: 0.000500
2025-12-11 14:19:41,320 - INFO - Epoch 80/150, Loss: 0.2115, LR: 0.000250
2025-12-11 14:19:41,618 - INFO - Epoch 81/150, Loss: 0.1661, LR: 0.000250
2025-12-11 14:19:41,873 - INFO - Epoch 82/150, Loss: 0.1612, LR: 0.000250
2025-12-11 14:19:42,154 - INFO - Epoch 83/150, Loss: 0.1577, LR: 0.000250
2025-12-11 14:19:42,435 - INFO - Epoch 84/150, Loss: 0.1588, LR: 0.000250
2025-12-11 14:19:42,734 - INFO - Epoch 85/150, Loss: 0.1529, LR: 0.000250
2025-12-11 14:19:42,996 - INFO - Epoch 86/150, Loss: 0.1589, LR: 0.000250
2025-12-11 14:19:43,264 - INFO - Epoch 87/150, Loss: 0.1522, LR: 0.000250
2025-12-11 14:19:43,583 - INFO - Epoch 88/150, Loss: 0.1490, LR: 0.000250
2025-12-11 14:19:43,843 - INFO - Epoch 89/150, Loss: 0.1502, LR: 0.000250
2025-12-11 14:19:44,117 - INFO - Epoch 90/150, Loss: 0.1464, LR: 0.000250
2025-12-11 14:19:44,385 - INFO - Epoch 91/150, Loss: 0.1431, LR: 0.000250
2025-12-11 14:19:44,668 - INFO - Epoch 92/150, Loss: 0.1379, LR: 0.000250
2025-12-11 14:19:44,965 - INFO - Epoch 93/150, Loss: 0.1438, LR: 0.000250
2025-12-11 14:19:45,308 - INFO - Epoch 94/150, Loss: 0.1404, LR: 0.000250
2025-12-11 14:19:45,603 - INFO - Epoch 95/150, Loss: 0.1437, LR: 0.000250
2025-12-11 14:19:45,866 - INFO - Epoch 96/150, Loss: 0.1338, LR: 0.000250
2025-12-11 14:19:46,133 - INFO - Epoch 97/150, Loss: 0.1320, LR: 0.000250
2025-12-11 14:19:46,395 - INFO - Epoch 98/150, Loss: 0.1260, LR: 0.000250
2025-12-11 14:19:46,645 - INFO - Epoch 99/150, Loss: 0.1311, LR: 0.000250
2025-12-11 14:19:46,966 - INFO - Epoch 100/150, Loss: 0.1255, LR: 0.000250
2025-12-11 14:19:47,247 - INFO - Epoch 101/150, Loss: 0.1287, LR: 0.000250
2025-12-11 14:19:47,515 - INFO - Epoch 102/150, Loss: 0.1216, LR: 0.000250
2025-12-11 14:19:47,773 - INFO - Epoch 103/150, Loss: 0.1167, LR: 0.000250
2025-12-11 14:19:48,028 - INFO - Epoch 104/150, Loss: 0.1194, LR: 0.000250
2025-12-11 14:19:48,282 - INFO - Epoch 105/150, Loss: 0.1150, LR: 0.000250
2025-12-11 14:19:48,540 - INFO - Epoch 106/150, Loss: 0.1124, LR: 0.000250
2025-12-11 14:19:48,796 - INFO - Epoch 107/150, Loss: 0.1117, LR: 0.000250
2025-12-11 14:19:49,060 - INFO - Epoch 108/150, Loss: 0.1095, LR: 0.000250
2025-12-11 14:19:49,317 - INFO - Epoch 109/150, Loss: 0.1115, LR: 0.000250
2025-12-11 14:19:49,576 - INFO - Epoch 110/150, Loss: 0.1132, LR: 0.000250
2025-12-11 14:19:49,842 - INFO - Epoch 111/150, Loss: 0.1031, LR: 0.000250
2025-12-11 14:19:50,096 - INFO - Epoch 112/150, Loss: 0.1038, LR: 0.000250
2025-12-11 14:19:50,346 - INFO - Epoch 113/150, Loss: 0.1037, LR: 0.000250
2025-12-11 14:19:50,590 - INFO - Epoch 114/150, Loss: 0.1095, LR: 0.000250
2025-12-11 14:19:50,837 - INFO - Epoch 115/150, Loss: 0.1049, LR: 0.000250
2025-12-11 14:19:51,097 - INFO - Epoch 116/150, Loss: 0.0967, LR: 0.000250
2025-12-11 14:19:51,358 - INFO - Epoch 117/150, Loss: 0.1001, LR: 0.000250
2025-12-11 14:19:51,611 - INFO - Epoch 118/150, Loss: 0.0959, LR: 0.000250
2025-12-11 14:19:51,863 - INFO - Epoch 119/150, Loss: 0.0988, LR: 0.000250
2025-12-11 14:19:52,114 - INFO - Epoch 120/150, Loss: 0.0923, LR: 0.000125
2025-12-11 14:19:52,375 - INFO - Epoch 121/150, Loss: 0.0709, LR: 0.000125
2025-12-11 14:19:52,628 - INFO - Epoch 122/150, Loss: 0.0697, LR: 0.000125
2025-12-11 14:19:52,877 - INFO - Epoch 123/150, Loss: 0.0698, LR: 0.000125
2025-12-11 14:19:53,135 - INFO - Epoch 124/150, Loss: 0.0712, LR: 0.000125
2025-12-11 14:19:53,384 - INFO - Epoch 125/150, Loss: 0.0676, LR: 0.000125
2025-12-11 14:19:53,635 - INFO - Epoch 126/150, Loss: 0.0658, LR: 0.000125
2025-12-11 14:19:53,885 - INFO - Epoch 127/150, Loss: 0.0666, LR: 0.000125
2025-12-11 14:19:54,141 - INFO - Epoch 128/150, Loss: 0.0697, LR: 0.000125
2025-12-11 14:19:54,402 - INFO - Epoch 129/150, Loss: 0.0667, LR: 0.000125
2025-12-11 14:19:54,659 - INFO - Epoch 130/150, Loss: 0.0644, LR: 0.000125
2025-12-11 14:19:54,912 - INFO - Epoch 131/150, Loss: 0.0657, LR: 0.000125
2025-12-11 14:19:55,165 - INFO - Epoch 132/150, Loss: 0.0636, LR: 0.000125
2025-12-11 14:19:55,417 - INFO - Epoch 133/150, Loss: 0.0634, LR: 0.000125
2025-12-11 14:19:55,674 - INFO - Epoch 134/150, Loss: 0.0617, LR: 0.000125
2025-12-11 14:19:55,944 - INFO - Epoch 135/150, Loss: 0.0603, LR: 0.000125
2025-12-11 14:19:56,196 - INFO - Epoch 136/150, Loss: 0.0607, LR: 0.000125
2025-12-11 14:19:56,465 - INFO - Epoch 137/150, Loss: 0.0610, LR: 0.000125
2025-12-11 14:19:56,735 - INFO - Epoch 138/150, Loss: 0.0577, LR: 0.000125
2025-12-11 14:19:57,003 - INFO - Epoch 139/150, Loss: 0.0565, LR: 0.000125
2025-12-11 14:19:57,274 - INFO - Epoch 140/150, Loss: 0.0558, LR: 0.000125
2025-12-11 14:19:57,531 - INFO - Epoch 141/150, Loss: 0.0570, LR: 0.000125
2025-12-11 14:19:57,792 - INFO - Epoch 142/150, Loss: 0.0554, LR: 0.000125
2025-12-11 14:19:58,059 - INFO - Epoch 143/150, Loss: 0.0561, LR: 0.000125
2025-12-11 14:19:58,319 - INFO - Epoch 144/150, Loss: 0.0544, LR: 0.000125
2025-12-11 14:19:58,569 - INFO - Epoch 145/150, Loss: 0.0512, LR: 0.000125
2025-12-11 14:19:58,823 - INFO - Epoch 146/150, Loss: 0.0499, LR: 0.000125
2025-12-11 14:19:59,087 - INFO - Epoch 147/150, Loss: 0.0518, LR: 0.000125
2025-12-11 14:19:59,358 - INFO - Epoch 148/150, Loss: 0.0506, LR: 0.000125
2025-12-11 14:19:59,629 - INFO - Epoch 149/150, Loss: 0.0477, LR: 0.000125
2025-12-11 14:19:59,891 - INFO - Epoch 150/150, Loss: 0.0491, LR: 0.000125
2025-12-11 14:19:59,891 - INFO - Training completed in 39.92s (0.67 minutes)
2025-12-11 14:19:59,907 - INFO - Model saved to results/net2.pth
2025-12-11 14:19:59,965 - INFO - Test Accuracy: 0.8535
2025-12-11 14:19:59,965 - INFO - Precision: 0.8540
2025-12-11 14:19:59,965 - INFO - Recall: 0.8535
2025-12-11 14:19:59,965 - INFO - F1-score: 0.8533
